---
source: tests/cli.rs
expression: sanitized
---
stdout:
# Changelog

## Unreleased (<DATE>)

### Features

* unreleased feature (<OID>)

## [v3.0.0](///compare/v3.0.0...3.0.0) (<DATE>)

### Features

* third feature (<OID>)

## [v2.0.0](///compare/v2.0.0...2.0.0) (<DATE>)

### Features

* second feature (<OID>)
---
stderr:
